
> roadcraft@7.0.0 check
> npm run lint && npm run typecheck && npm run test:coverage && npm run build


> roadcraft@7.0.0 lint
> eslint .


> roadcraft@7.0.0 typecheck
> tsc --noEmit


> roadcraft@7.0.0 test:coverage
> vitest run --coverage


 RUN  v4.1.11 C:/Users/jonathanrodriguesti/Desktop/Road
      Coverage enabled with v8

 ❯ tests/sim/kerb.spec.ts (2 tests | 1 failed) 24388ms
     × is never crossed by a vehicle, corner by corner, for a whole run 17497ms

⎯⎯⎯⎯⎯⎯⎯ Failed Tests 1 ⎯⎯⎯⎯⎯⎯⎯

 FAIL  tests/sim/kerb.spec.ts > the kerb > is never crossed by a vehicle, corner by corner, for a whole run
AssertionError: vehicle 1 (motorcycle) put a corner at 7.0,-422.3 off the carriageway: expected 6066 to be +0 // Object.is equality

- Expected
+ Received

- 0
+ 6066

 ❯ tests/sim/kerb.spec.ts:155:27
    153|       }, null, 2) + '\n');
    154|     }
    155|     expect(worst, detail).toBe(0);
       |                           ^
    156|   });
    157|

⎯⎯⎯⎯⎯⎯⎯⎯⎯⎯⎯⎯⎯⎯⎯⎯⎯⎯⎯⎯⎯⎯⎯⎯[1/1]⎯


 Test Files  1 failed | 24 passed (25)
      Tests  1 failed | 251 passed (252)
   Start at  18:39:23
   Duration  27.53s (transform 5.51s, setup 0ms, import 8.12s, tests 125.64s, environment 3ms)
