business_female_01: 8966 / 2429 / 800 triangles
business_female_02: 8640 / 2544 / 938 triangles
business_female_03: 8438 / 2428 / 888 triangles
business_female_04: 8270 / 2124 / 1097 triangles
business_male_01: 7435 / 1986 / 636 triangles
business_male_02: 7448 / 2042 / 624 triangles
business_male_03: 7810 / 2139 / 630 triangles
business_male_04: 7326 / 1947 / 477 triangles
business_male_05: 7164 / 1917 / 506 triangles
business_male_06: 6950 / 1828 / 469 triangles
business_male_07: 6722 / 1922 / 449 triangles
chef_female_01: 7460 / 2172 / 654 triangles
construction_female_01: 8662 / 2219 / 609 triangles
construction_male_02: 8152 / 2199 / 563 triangles
construction_male_03: 9376 / 2578 / 928 triangles
construction_male_04: 9988 / 2631 / 929 triangles
construction_male_05: 7848 / 2073 / 538 triangles
construction_male_06: 9498 / 2566 / 938 triangles
construction_male_07: 8058 / 2179 / 564 triangles
construction_male_08: 8474 / 2236 / 612 triangles
delivery_male_01: 6800 / 1824 / 458 triangles
female_01: 8732 / 2184 / 542 triangles
female_02: 8940 / 2341 / 704 triangles
female_03: 9208 / 2557 / 861 triangles
female_04: 9284 / 2811 / 988 triangles
female_05: 8288 / 2520 / 967 triangles
female_07: 8308 / 2451 / 890 triangles
female_08: 8276 / 2183 / 603 triangles
female_09: 9032 / 2520 / 710 triangles
female_11: 8896 / 2840 / 1078 triangles
female_12: 8774 / 2430 / 616 triangles
female_13: 8708 / 2339 / 703 triangles
female_14: 8724 / 2511 / 795 triangles
female_17: 8516 / 2386 / 724 triangles
female_child_01: 7102 / 1826 / 424 triangles
female_party_01: 10254 / 2757 / 772 triangles
female_party_02: 9874 / 2541 / 683 triangles
gardener_male_01: 7470 / 1949 / 538 triangles
male_01: 7440 / 2080 / 619 triangles
male_02: 7312 / 2053 / 592 triangles
male_03: 7200 / 1887 / 522 triangles
male_04: 8684 / 2332 / 641 triangles
male_05: 7836 / 2103 / 556 triangles
male_06: 7456 / 1973 / 576 triangles
male_07: 7588 / 2127 / 614 triangles
male_08: 7364 / 1954 / 544 triangles
male_09: 7428 / 1915 / 523 triangles
male_10: 6732 / 1885 / 494 triangles
male_11: 6740 / 1807 / 445 triangles
male_12: 6722 / 1824 / 458 triangles
male_13: 6710 / 1775 / 415 triangles
male_14: 6842 / 1842 / 438 triangles
male_16: 7064 / 1792 / 445 triangles
male_17: 7084 / 1952 / 454 triangles
male_18: 6434 / 1759 / 460 triangles
male_20: 7120 / 1901 / 448 triangles
male_child_01: 6660 / 1835 / 416 triangles
male_child_02: 7310 / 1937 / 505 triangles
medical_female_01: 8328 / 2232 / 527 triangles
medical_female_02: 9264 / 2504 / 1152 triangles
medical_female_03: 7536 / 2270 / 724 triangles
medical_male_01: 7581 / 2142 / 694 triangles
medical_male_02: 7514 / 2093 / 634 triangles
medical_male_03: 8126 / 2187 / 578 triangles
medical_male_04: 8240 / 2117 / 524 triangles
pilot_female_01: 8288 / 2077 / 540 triangles
pilot_female_02: 8458 / 2118 / 548 triangles
pilot_male_01: 7664 / 2003 / 550 triangles
pilot_male_02: 7798 / 2072 / 574 triangles
pilot_male_03: 7816 / 1951 / 476 triangles
police_male_01: 8687 / 2304 / 722 triangles
police_male_03: 12445 / 3296 / 1114 triangles
police_male_06: 7492 / 1919 / 494 triangles
security_female_01: 8973 / 2342 / 751 triangles
security_male_01: 9515 / 2547 / 816 triangles
sports_female_02: 8580 / 2323 / 690 triangles
sports_male_02: 8146 / 2030 / 502 triangles
sports_male_03: 9534 / 2541 / 576 triangles
sports_male_04: 7520 / 1969 / 482 triangles
wood_male_01: 7108 / 1851 / 448 triangles
