business_female_01: 26898->5998 vertices, 7->3 groups, 1666 KiB
business_female_02: 25920->5671 vertices, 12->4 groups, 1915 KiB
business_female_03: 25314->5682 vertices, 14->3 groups, 1656 KiB
business_female_04: 24810->5180 vertices, 9->3 groups, 1490 KiB
business_male_01: 22305->4622 vertices, 11->3 groups, 1625 KiB
business_male_02: 22344->4587 vertices, 9->3 groups, 1452 KiB
business_male_03: 23430->4843 vertices, 9->3 groups, 1511 KiB
business_male_04: 21978->4412 vertices, 11->2 groups, 1219 KiB
business_male_05: 21492->4450 vertices, 7->2 groups, 1227 KiB
business_male_06: 20850->4150 vertices, 3->2 groups, 1253 KiB
business_male_07: 20166->4004 vertices, 5->2 groups, 1213 KiB
chef_female_01: 22380->4885 vertices, 5->2 groups, 1311 KiB
construction_female_01: 25986->5512 vertices, 8->3 groups, 1405 KiB
construction_male_02: 24456->5042 vertices, 9->3 groups, 1295 KiB
construction_male_03: 28128->6469 vertices, 10->4 groups, 1513 KiB
construction_male_04: 29964->6831 vertices, 12->4 groups, 1560 KiB
construction_male_05: 23544->4792 vertices, 10->3 groups, 1277 KiB
construction_male_06: 28494->6518 vertices, 12->4 groups, 1519 KiB
construction_male_07: 24174->4972 vertices, 8->3 groups, 1353 KiB
construction_male_08: 25422->5394 vertices, 7->3 groups, 1396 KiB
delivery_male_01: 20400->4158 vertices, 3->2 groups, 1296 KiB
female_01: 26196->5438 vertices, 14->3 groups, 1619 KiB
female_02: 26820->5600 vertices, 8->3 groups, 1557 KiB
female_03: 27624->6118 vertices, 12->3 groups, 1840 KiB
female_04: 27852->6029 vertices, 10->3 groups, 1710 KiB
female_05: 24864->5571 vertices, 8->3 groups, 1705 KiB
female_07: 24924->5321 vertices, 15->3 groups, 1639 KiB
female_08: 24828->5284 vertices, 7->3 groups, 1622 KiB
female_09: 27096->5712 vertices, 20->3 groups, 1664 KiB
female_11: 26688->6184 vertices, 15->3 groups, 1652 KiB
female_12: 26322->5490 vertices, 7->3 groups, 1625 KiB
female_13: 26124->5661 vertices, 5->3 groups, 1675 KiB
female_14: 26172->5671 vertices, 18->3 groups, 1741 KiB
female_17: 25548->5211 vertices, 26->3 groups, 1665 KiB
female_child_01: 21306->4224 vertices, 7->2 groups, 1276 KiB
female_party_01: 30762->7233 vertices, 15->3 groups, 1893 KiB
female_party_02: 29622->6732 vertices, 12->3 groups, 1812 KiB
gardener_male_01: 22410->4637 vertices, 9->3 groups, 1623 KiB
male_01: 22320->4688 vertices, 11->3 groups, 1592 KiB
male_02: 21936->4433 vertices, 9->3 groups, 1550 KiB
male_03: 21600->4427 vertices, 9->3 groups, 1489 KiB
male_04: 26052->5448 vertices, 8->3 groups, 1612 KiB
male_05: 23508->4883 vertices, 7->3 groups, 1652 KiB
male_06: 22368->4585 vertices, 8->3 groups, 1696 KiB
male_07: 22764->4633 vertices, 9->3 groups, 1420 KiB
male_08: 22092->4482 vertices, 7->3 groups, 1565 KiB
male_09: 22284->4479 vertices, 10->3 groups, 1390 KiB
male_10: 20196->4109 vertices, 4->3 groups, 1512 KiB
male_11: 20220->3998 vertices, 7->2 groups, 1207 KiB
male_12: 20166->4043 vertices, 7->2 groups, 1224 KiB
male_13: 20130->3949 vertices, 5->2 groups, 1212 KiB
male_14: 20526->4090 vertices, 8->2 groups, 1214 KiB
male_16: 21192->4237 vertices, 5->2 groups, 1283 KiB
male_17: 21252->4341 vertices, 7->2 groups, 1235 KiB
male_18: 19302->4043 vertices, 5->2 groups, 1181 KiB
male_20: 21360->4250 vertices, 7->2 groups, 1268 KiB
male_child_01: 19980->3936 vertices, 5->2 groups, 1245 KiB
male_child_02: 21930->4463 vertices, 10->2 groups, 1280 KiB
medical_female_01: 24984->5274 vertices, 7->3 groups, 1584 KiB
medical_female_02: 27792->5969 vertices, 5->4 groups, 1567 KiB
medical_female_03: 22608->4695 vertices, 7->3 groups, 1587 KiB
medical_male_01: 22743->4776 vertices, 6->3 groups, 1710 KiB
medical_male_02: 22542->4635 vertices, 4->3 groups, 1706 KiB
medical_male_03: 24378->5214 vertices, 4->3 groups, 1353 KiB
medical_male_04: 24720->4980 vertices, 6->3 groups, 1390 KiB
pilot_female_01: 24864->5142 vertices, 6->3 groups, 1361 KiB
pilot_female_02: 25374->5291 vertices, 4->3 groups, 1373 KiB
pilot_male_01: 22992->4964 vertices, 6->2 groups, 1298 KiB
pilot_male_02: 23394->5063 vertices, 10->2 groups, 1314 KiB
pilot_male_03: 23448->4887 vertices, 5->2 groups, 1332 KiB
police_male_01: 26061->5718 vertices, 12->4 groups, 1440 KiB
police_male_03: 37335->9141 vertices, 6->4 groups, 1631 KiB
police_male_06: 22476->4526 vertices, 3->2 groups, 1243 KiB
security_female_01: 26919->5940 vertices, 10->4 groups, 1454 KiB
security_male_01: 28545->6603 vertices, 10->3 groups, 1407 KiB
sports_female_02: 25740->5369 vertices, 35->3 groups, 1601 KiB
sports_male_02: 24438->5012 vertices, 5->2 groups, 1283 KiB
sports_male_03: 28602->6459 vertices, 7->3 groups, 1578 KiB
sports_male_04: 22560->4477 vertices, 7->2 groups, 1296 KiB
wood_male_01: 21324->4282 vertices, 3->2 groups, 1245 KiB
Packed 80 avatars: 115.3 MiB
