01/80 Business_Female_01
02/80 Business_Female_02
03/80 Business_Female_03
04/80 Business_Female_04
05/80 Business_Male_01
06/80 Business_Male_02
07/80 Business_Male_03
08/80 Business_Male_04
09/80 Business_Male_05
10/80 Business_Male_06
11/80 Business_Male_07
12/80 Chef_Female_01
13/80 Construction_Female_01
14/80 Construction_Male_02
15/80 Construction_Male_03
16/80 Construction_Male_04
17/80 Construction_Male_05
18/80 Construction_Male_06
19/80 Construction_Male_07
20/80 Construction_Male_08
21/80 Delivery_Male_01
22/80 Female_Adult_01
23/80 Female_Adult_02
24/80 Female_Adult_03
25/80 Female_Adult_04
26/80 Female_Adult_05
27/80 Female_Adult_07
28/80 Female_Adult_08
29/80 Female_Adult_09
30/80 Female_Adult_11
31/80 Female_Adult_12
32/80 Female_Adult_13
33/80 Female_Adult_14
34/80 Female_Adult_17
35/80 Female_Child_01
36/80 Female_Party_01
37/80 Female_Party_02
38/80 Gardener_Male_01
39/80 Male_Adult_01
40/80 Male_Adult_02
41/80 Male_Adult_03
42/80 Male_Adult_04
43/80 Male_Adult_05
44/80 Male_Adult_06
45/80 Male_Adult_07
46/80 Male_Adult_08
47/80 Male_Adult_09
48/80 Male_Adult_10
49/80 Male_Adult_11
50/80 Male_Adult_12
51/80 Male_Adult_13
52/80 Male_Adult_14
53/80 Male_Adult_16
54/80 Male_Adult_17
55/80 Male_Adult_18
56/80 Male_Adult_20
57/80 Male_Child_01
58/80 Male_Child_02
59/80 Medical_Female_01
60/80 Medical_Female_02
61/80 Medical_Female_03
62/80 Medical_Male_01
63/80 Medical_Male_02
64/80 Medical_Male_03
65/80 Medical_Male_04
66/80 Pilot_Female_01
67/80 Pilot_Female_02
68/80 Pilot_Male_01
69/80 Pilot_Male_02
70/80 Pilot_Male_03
71/80 Police_Male_01
72/80 Police_Male_03
73/80 Police_Male_06
74/80 Security_Female_01
75/80 Security_Male_01
76/80 Sports_Female_02
77/80 Sports_Male_02
78/80 Sports_Male_03
79/80 Sports_Male_04
80/80 Wood_Male_01
Source manifest: C:\Users\JONATH~1\AppData\Local\Temp\roadcraft-rocketbox\source-manifest.json
