
> roadcraft@7.0.0 check
> npm run lint && npm run typecheck && npm run test:coverage && npm run build


> roadcraft@7.0.0 lint
> eslint .


> roadcraft@7.0.0 typecheck
> tsc --noEmit


> roadcraft@7.0.0 test:coverage
> vitest run --coverage


 RUN  v4.1.11 C:/Users/jonathanrodriguesti/Desktop/Road
      Coverage enabled with v8

 ❯ tests/sim/kerb.spec.ts (2 tests | 1 failed) 60276ms
     × is never crossed by a vehicle, corner by corner, for a whole run 51758ms

⎯⎯⎯⎯⎯⎯⎯ Failed Tests 1 ⎯⎯⎯⎯⎯⎯⎯

 FAIL  tests/sim/kerb.spec.ts > the kerb > is never crossed by a vehicle, corner by corner, for a whole run
AssertionError: vehicle 1 (motorcycle) put a corner at 7.0,-422.3 off the carriageway: expected 6066 to be +0 // Object.is equality

- Expected
+ Received

- 0
+ 6066

 ❯ tests/sim/kerb.spec.ts:135:27
    133|
    134|     expect(checked).toBeGreaterThan(10_000);
    135|     expect(worst, detail).toBe(0);
       |                           ^
    136|   });
    137|

⎯⎯⎯⎯⎯⎯⎯⎯⎯⎯⎯⎯⎯⎯⎯⎯⎯⎯⎯⎯⎯⎯⎯⎯[1/1]⎯


 Test Files  1 failed | 22 passed (23)
      Tests  1 failed | 242 passed (243)
   Start at  17:44:35
   Duration  61.33s (transform 4.57s, setup 0ms, import 6.92s, tests 157.96s, environment 2ms)
