
 RUN  v4.1.11 C:/Users/jonathanrodriguesti/Desktop/Road

 ❯ tests/world/connectorFootprints.spec.ts (1 test | 1 failed) 251ms
     × records complete body clearance across mixed junction shapes 250ms

⎯⎯⎯⎯⎯⎯⎯ Failed Tests 1 ⎯⎯⎯⎯⎯⎯⎯

 FAIL  tests/world/connectorFootprints.spec.ts > physical junction movements > records complete body clearance across mixed junction shapes
AssertionError: expected [ …(14) ] to deeply equal []

- Expected
+ Received

- []
+ [
+   {
+     "archetype": "hatch",
+     "configuration": "skewed",
+     "connector": "4:5>1:1->1:1>2:0",
+     "firstOutside": {
+       "x": 16.2087031993316,
+       "y": -14.540425472438134,
+     },
+   },
+   {
+     "archetype": "sedan",
+     "configuration": "skewed",
+     "connector": "4:5>1:1->1:1>2:0",
+     "firstOutside": {
+       "x": 16.879410015379417,
+       "y": -13.825492657827555,
+     },
+   },
+   {
+     "archetype": "suv",
+     "configuration": "skewed",
+     "connector": "4:5>1:1->1:1>2:0",
+     "firstOutside": {
+       "x": 17.129627461539926,
+       "y": -13.703213204143939,
+     },
+   },
+   {
+     "archetype": "van",
+     "configuration": "skewed",
+     "connector": "4:5>1:1->1:1>2:0",
+     "firstOutside": {
+       "x": 15.177267651894923,
+       "y": -15.780584606688425,
+     },
+   },
+   {
+     "archetype": "bus",
+     "configuration": "skewed",
+     "connector": "4:5>1:1->1:1>2:0",
+     "firstOutside": {
+       "x": 14.134319894871235,
+       "y": -19.411158375063277,
+     },
+   },
+   {
+     "archetype": "truck",
+     "configuration": "skewed",
+     "connector": "4:5>1:1->1:1>2:0",
+     "firstOutside": {
+       "x": 14.131246872408022,
+       "y": -19.304941331048713,
+     },
+   },
+   {
+     "archetype": "hatch",
+     "configuration": "five-leg",
+     "connector": "4:5>1:1->5:1>6:0",
+     "firstOutside": {
+       "x": -8.395132316109432,
+       "y": -29.920557995325296,
+     },
+   },
+   {
+     "archetype": "sedan",
+     "configuration": "five-leg",
+     "connector": "4:5>1:1->5:1>6:0",
+     "firstOutside": {
+       "x": -10.512840858947344,
+       "y": -31.03838993893467,
+     },
+   },
+   {
+     "archetype": "suv",
+     "configuration": "five-leg",
+     "connector": "4:5>1:1->5:1>6:0",
+     "firstOutside": {
+       "x": -10.278299571458378,
+       "y": -31.083596211942616,
+     },
+   },
+   {
+     "archetype": "van",
+     "configuration": "five-leg",
+     "connector": "4:5>1:1->5:1>6:0",
+     "firstOutside": {
+       "x": -8.604854701431915,
+       "y": -30.398798880914896,
+     },
+   },
+   {
+     "archetype": "bus",
+     "configuration": "five-leg",
+     "connector": "4:5>1:1->5:1>6:0",
+     "firstOutside": {
+       "x": -13.568650613217795,
+       "y": -33.38731297226122,
+     },
+   },
+   {
+     "archetype": "truck",
+     "configuration": "five-leg",
+     "connector": "4:5>1:1->5:1>6:0",
+     "firstOutside": {
+       "x": -13.28085375051683,
+       "y": -33.189213809417254,
+     },
+   },
+   {
+     "archetype": "bus",
+     "configuration": "one-way-mix",
+     "connector": "3:4>1:1->4:1>5:1",
+     "firstOutside": {
+       "x": -21.83640502811792,
+       "y": -13.112184043930228,
+     },
+   },
+   {
+     "archetype": "truck",
+     "configuration": "one-way-mix",
+     "connector": "3:4>1:1->4:1>5:1",
+     "firstOutside": {
+       "x": -21.15712085461869,
+       "y": -13.682081931527206,
+     },
+   },
+ ]

 ❯ tests/world/connectorFootprints.spec.ts:101:23
     99|       configuration: finding.configuration, connector: finding.connect…
    100|       archetype: finding.archetype, firstOutside: finding.firstOutside,
    101|     })).slice(0, 15)).toEqual([]);
       |                       ^
    102|   });
    103| });

⎯⎯⎯⎯⎯⎯⎯⎯⎯⎯⎯⎯⎯⎯⎯⎯⎯⎯⎯⎯⎯⎯⎯⎯[1/1]⎯


 Test Files  1 failed (1)
      Tests  1 failed (1)
   Start at  18:56:01
   Duration  558ms (transform 143ms, setup 0ms, import 182ms, tests 251ms, environment 0ms)
