
 RUN  v4.1.11 C:/Users/jonathanrodriguesti/Desktop/Road

 ❯ tests/world/connectorFootprints.spec.ts (1 test | 1 failed) 256ms
     × records complete body clearance across mixed junction shapes 255ms

⎯⎯⎯⎯⎯⎯⎯ Failed Tests 1 ⎯⎯⎯⎯⎯⎯⎯

 FAIL  tests/world/connectorFootprints.spec.ts > physical junction movements > records complete body clearance across mixed junction shapes
AssertionError: expected [ …(4) ] to deeply equal []

- Expected
+ Received

- []
+ [
+   {
+     "archetype": "bus",
+     "configuration": "skewed",
+     "connector": "4:5>1:1->1:1>2:0",
+     "firstOutside": {
+       "x": 17.667438906986018,
+       "y": -13.320331187322166,
+     },
+   },
+   {
+     "archetype": "truck",
+     "configuration": "skewed",
+     "connector": "4:5>1:1->1:1>2:0",
+     "firstOutside": {
+       "x": 17.35331304543096,
+       "y": -13.47328626439479,
+     },
+   },
+   {
+     "archetype": "bus",
+     "configuration": "five-leg",
+     "connector": "4:5>1:1->5:1>6:0",
+     "firstOutside": {
+       "x": -10.988737829633967,
+       "y": -31.354511119167192,
+     },
+   },
+   {
+     "archetype": "truck",
+     "configuration": "five-leg",
+     "connector": "4:5>1:1->5:1>6:0",
+     "firstOutside": {
+       "x": -10.850609272793655,
+       "y": -31.234645496863664,
+     },
+   },
+ ]

 ❯ tests/world/connectorFootprints.spec.ts:101:23
     99|       configuration: finding.configuration, connector: finding.connect…
    100|       archetype: finding.archetype, firstOutside: finding.firstOutside,
    101|     })).slice(0, 15)).toEqual([]);
       |                       ^
    102|   });
    103| });

⎯⎯⎯⎯⎯⎯⎯⎯⎯⎯⎯⎯⎯⎯⎯⎯⎯⎯⎯⎯⎯⎯⎯⎯[1/1]⎯


 Test Files  1 failed (1)
      Tests  1 failed (1)
   Start at  18:56:14
   Duration  524ms (transform 126ms, setup 0ms, import 159ms, tests 256ms, environment 0ms)
