
 RUN  v4.1.11 C:/Users/jonathanrodriguesti/Desktop/Road

 ❯ tests/sim/kerb.spec.ts (2 tests | 1 failed | 1 skipped) 8653ms
     × is never crossed by a vehicle, corner by corner, for a whole run 8652ms

⎯⎯⎯⎯⎯⎯⎯ Failed Tests 1 ⎯⎯⎯⎯⎯⎯⎯

 FAIL  tests/sim/kerb.spec.ts > the kerb > is never crossed by a vehicle, corner by corner, for a whole run
AssertionError: vehicle 1 (motorcycle) put a corner at 7.0,-422.3 off the carriageway: expected 6066 to be +0 // Object.is equality

- Expected
+ Received

- 0
+ 6066

 ❯ tests/sim/kerb.spec.ts:155:27
    153|       }, null, 2) + '\n');
    154|     }
    155|     expect(worst, detail).toBe(0);
       |                           ^
    156|   });
    157|

⎯⎯⎯⎯⎯⎯⎯⎯⎯⎯⎯⎯⎯⎯⎯⎯⎯⎯⎯⎯⎯⎯⎯⎯[1/1]⎯


 Test Files  1 failed (1)
      Tests  1 failed | 1 skipped (2)
   Start at  18:22:30
   Duration  9.09s (transform 264ms, setup 0ms, import 324ms, tests 8.65s, environment 0ms)
