
 RUN  v4.1.11 C:/Users/jonathanrodriguesti/Desktop/Road

 ❯ tests/sim/kerb.spec.ts (3 tests | 1 failed | 2 skipped) 8196ms
     × is never crossed by a vehicle, corner by corner, for a whole run 8195ms

⎯⎯⎯⎯⎯⎯⎯ Failed Tests 1 ⎯⎯⎯⎯⎯⎯⎯

 FAIL  tests/sim/kerb.spec.ts > the kerb > is never crossed by a vehicle, corner by corner, for a whole run
AssertionError: vehicle 25 (hatch) put a corner at 47.7,-37.5 off the carriageway: expected 2946 to be +0 // Object.is equality

- Expected
+ Received

- 0
+ 2946

 ❯ tests/sim/kerb.spec.ts:194:27
    192|       }, null, 2) + '\n');
    193|     }
    194|     expect(worst, detail).toBe(0);
       |                           ^
    195|   });
    196|

⎯⎯⎯⎯⎯⎯⎯⎯⎯⎯⎯⎯⎯⎯⎯⎯⎯⎯⎯⎯⎯⎯⎯⎯[1/1]⎯


 Test Files  1 failed (1)
      Tests  1 failed | 2 skipped (3)
   Start at  19:01:03
   Duration  8.59s (transform 232ms, setup 0ms, import 284ms, tests 8.20s, environment 0ms)
