
 RUN  v4.1.11 C:/Users/jonathanrodriguesti/Desktop/Road

 ❯ tests/sim/kerb.spec.ts (3 tests | 1 failed) 11677ms
     × is never crossed by a vehicle, corner by corner, for a whole run 8282ms

⎯⎯⎯⎯⎯⎯⎯ Failed Tests 1 ⎯⎯⎯⎯⎯⎯⎯

 FAIL  tests/sim/kerb.spec.ts > the kerb > is never crossed by a vehicle, corner by corner, for a whole run
AssertionError: vehicle 25 (hatch) put a corner at 47.7,-37.5 off the carriageway: expected 2946 to be +0 // Object.is equality

- Expected
+ Received

- 0
+ 2946

 ❯ tests/sim/kerb.spec.ts:179:27
    177|       }, null, 2) + '\n');
    178|     }
    179|     expect(worst, detail).toBe(0);
       |                           ^
    180|   });
    181|

⎯⎯⎯⎯⎯⎯⎯⎯⎯⎯⎯⎯⎯⎯⎯⎯⎯⎯⎯⎯⎯⎯⎯⎯[1/1]⎯


 Test Files  1 failed (1)
      Tests  1 failed | 2 passed (3)
   Start at  18:59:19
   Duration  12.07s (transform 236ms, setup 0ms, import 291ms, tests 11.68s, environment 0ms)
